// Jest Snapshot v1, https://goo.gl/fbAQLP

exports[`Header component renders a Header by default 1`] = `
<header>
  <span>
    <h1>
      <Link
        to="/"
      >
        Noteful
      </Link>
    </h1>
  </span>
  <span>
    a React app
  </span>
</header>
`;
