// Jest Snapshot v1, https://goo.gl/fbAQLP

exports[`NoteItem component renders a NoteItem by default 1`] = `
<div
  className="note-item"
>
  <NavLink
    to={
      Object {
        "pathname": "/notes/1",
        "props": Object {
          "note": Object {
            "id": 1,
            "id_folder": 101,
            "modified": 2021-04-11T03:04:05.000Z,
            "title": "test-note-title",
          },
        },
      }
    }
  >
    <h3 />
  </NavLink>
  <div
    className="button-container"
  >
    <span>
      Modified on
       
      <span
        className="note-datemod"
      >
         
        Sat Apr 10 2021 23:04:05 GM
      </span>
    </span>
    <span>
      <NavLink
        to="/edit-note/1"
      >
        <button
          className="btn-edit-note"
        >
          ✎
        </button>
      </NavLink>
         
      <button
        className="btn-delete-note"
        onClick={[Function]}
      >
        -
      </button>
    </span>
  </div>
</div>
`;

exports[`NoteItem component renders the NoteItem given props 1`] = `
<div
  className="note-item"
>
  <NavLink
    to={
      Object {
        "pathname": "/notes/1",
        "props": Object {
          "note": Object {
            "id": 1,
            "id_folder": 101,
            "modified": 2021-04-11T03:04:05.000Z,
            "title": "test-note-title",
          },
        },
      }
    }
  >
    <h3 />
  </NavLink>
  <div
    className="button-container"
  >
    <span>
      Modified on
       
      <span
        className="note-datemod"
      >
         
        Sat Apr 10 2021 23:04:05 GM
      </span>
    </span>
    <span>
      <NavLink
        to="/edit-note/1"
      >
        <button
          className="btn-edit-note"
        >
          ✎
        </button>
      </NavLink>
         
      <button
        className="btn-delete-note"
        onClick={[Function]}
      >
        -
      </button>
    </span>
  </div>
</div>
`;
