// Jest Snapshot v1, https://goo.gl/fbAQLP

exports[`FolderList component renders a FolderList by default 1`] = `
<Fragment>
  <div
    className="header-container"
  >
    <span>
      <h2>
        Folders
      </h2>
    </span>
    Â Â 
    <span>
      <button
        className="btn-add"
      >
        +
      </button>
    </span>
  </div>
  <ul>
    <li
      className=" active"
      key="101"
    >
      <NavLink
        to="/folder/101"
      >
        ðŸ“‚Â 
        test-folder-label
      </NavLink>
    </li>
  </ul>
</Fragment>
`;

exports[`FolderList component renders the FolderList given props 1`] = `
<Fragment>
  <div
    className="header-container"
  >
    <span>
      <h2>
        Folders
      </h2>
    </span>
    Â Â 
    <span>
      <button
        className="btn-add"
      >
        +
      </button>
    </span>
  </div>
  <ul>
    <li
      className=" active"
      key="101"
    >
      <NavLink
        to="/folder/101"
      >
        ðŸ“‚Â 
        test-folder-label
      </NavLink>
    </li>
  </ul>
</Fragment>
`;
