// Jest Snapshot v1, https://goo.gl/fbAQLP

exports[`Footer component renders a Footer by default 1`] = `
<footer>
  Â© 2019
   
  <a
    href="http://www.asktami.com"
    rel="noopener noreferrer"
    target="_blank"
  >
    Tami Williams
  </a>
</footer>
`;
