// Jest Snapshot v1, https://goo.gl/fbAQLP

exports[`NoteItem component renders a NoteItem by default 1`] = `
<div
  className="note-item"
>
  <NavLink
    to={
      Object {
        "pathname": "/note/1",
        "props": Object {
          "note": Object {
            "folderId": 101,
            "id": 1,
            "modified": 2019-09-30T04:00:00.000Z,
            "title": "test-note-title",
          },
        },
      }
    }
  >
    <h3>
      test-note-title
    </h3>
  </NavLink>
  <div
    className="button-container"
  >
    <span>
      Modified on 
      <span
        className="note-datemod"
      >
        <Component />
      </span>
    </span>
    <span>
      <button
        className="btn-delete"
      >
        -
      </button>
    </span>
  </div>
</div>
`;

exports[`NoteItem component renders the NoteItem given props 1`] = `
<div
  className="note-item"
>
  <NavLink
    to={
      Object {
        "pathname": "/note/1",
        "props": Object {
          "note": Object {
            "folderId": 101,
            "id": 1,
            "modified": 2019-09-30T04:00:00.000Z,
            "title": "test-note-title",
          },
        },
      }
    }
  >
    <h3>
      test-note-title
    </h3>
  </NavLink>
  <div
    className="button-container"
  >
    <span>
      Modified on 
      <span
        className="note-datemod"
      >
        <Component />
      </span>
    </span>
    <span>
      <button
        className="btn-delete"
      >
        -
      </button>
    </span>
  </div>
</div>
`;
